

Working Directory = /afs/ee.cooper.edu/user/k/u/kurutu/Digital_VLSI/DVLSIReceiver/Genus/DSP
QoS Summary for DSP
========================================================================================
Metric                  generic    map        syn_opt    final     
========================================================================================
Slack (ps):               -609.6     -363.9     -248.8     -248.8
  R2R (ps):               -351.8       33.6        0.0        0.0
  I2R (ps):               -609.6     -363.9     -248.8     -248.8
  R2O (ps):               -110.9     -129.1      -91.2      -91.2
  I2O (ps):               1572.7     1514.7     1514.7     1514.7
  CG  (ps):               1926.4     1839.9     1854.9     1854.9
TNS (ps):                 238903     136317     118221     118221
  R2R (ps):                491.0        0.0        0.0        0.0
  I2R (ps):             233421.0   130322.0   114117.0   114117.0
  R2O (ps):               4990.0     5994.0     4104.0     4104.0
  I2O (ps):                  0.0        0.0        0.0        0.0
  CG  (ps):                  0.0        0.0        0.0        0.0
Failing Paths:               560        564        557        557
Area:                        214      29293      26826      26826
Instances:                  8149      10384      10315      10315
Utilization (%):            0.00       0.00       0.00       0.00
Tot. Net Length (um):   no_value   no_value   no_value   no_value
Avg. Net Length (um):   no_value   no_value   no_value   no_value
Total Overflow H:              0          0          0          0
Total Overflow V:              0          0          0          0
Route Overflow H (%):   no_value   no_value   no_value   no_value
Route Overflow V (%):   no_value   no_value   no_value   no_value
========================================================================================
CPU  Runtime (m:s):        00:22      01:38      00:58      00:00
Real Runtime (m:s):        00:22      01:21      00:59      00:01
CPU  Elapsed (m:s):        00:26      02:04      03:02      03:02
Real Elapsed (m:s):        00:23      01:44      02:43      02:44
Memory (MB):              388.47     446.79     448.79     448.79
========================================================================================

========================================================================================
Flow Settings:
========================================================================================
Total Runtime (m:s): 02:44
Total Memory (MB):   448.79
Executable Version:  15.21
========================================================================================


